<?xml version="1.0" encoding="ISO-8859-1" ?>
<link_info>
   <banner>TI ARM Linker PC v18.12.4.LTS</banner>
   <copyright>Copyright (c) 1996-2018 Texas Instruments Incorporated</copyright>
   <link_time>0x60710bf5</link_time>
   <link_errors>0x0</link_errors>
   <output_file>ece3849_lab0_starter.out</output_file>
   <entry_point>
      <name>_c_int00_noargs</name>
      <address>0x3651</address>
   </entry_point>
   <input_file_list>
      <input_file id="fl-2">
         <path>.\</path>
         <kind>object</kind>
         <file>Crystalfontz128x128_ST7735.obj</file>
         <name>Crystalfontz128x128_ST7735.obj</name>
      </input_file>
      <input_file id="fl-3">
         <path>.\</path>
         <kind>object</kind>
         <file>HAL_EK_TM4C1294XL_Crystalfontz128x128_ST7735.obj</file>
         <name>HAL_EK_TM4C1294XL_Crystalfontz128x128_ST7735.obj</name>
      </input_file>
      <input_file id="fl-4">
         <path>.\</path>
         <kind>object</kind>
         <file>buttons.obj</file>
         <name>buttons.obj</name>
      </input_file>
      <input_file id="fl-5">
         <path>.\</path>
         <kind>object</kind>
         <file>main.obj</file>
         <name>main.obj</name>
      </input_file>
      <input_file id="fl-6">
         <path>.\</path>
         <kind>object</kind>
         <file>sysctl_pll.obj</file>
         <name>sysctl_pll.obj</name>
      </input_file>
      <input_file id="fl-7">
         <path>.\</path>
         <kind>object</kind>
         <file>tm4c1294ncpdt_startup_ccs.obj</file>
         <name>tm4c1294ncpdt_startup_ccs.obj</name>
      </input_file>
      <input_file id="fl-d">
         <kind>object</kind>
         <file>&lt;internal&gt;</file>
         <name>&lt;internal&gt;</name>
      </input_file>
      <input_file id="fl-c3">
         <path>C:\ti\ccs930\ccs\tools\compiler\ti-cgt-arm_18.12.4.LTS\lib\</path>
         <kind>archive</kind>
         <file>rtsv7M4_T_le_v4SPD16_eabi.lib</file>
         <name>s_roundf.c.obj</name>
      </input_file>
      <input_file id="fl-c4">
         <path>C:\ti\ccs930\ccs\tools\compiler\ti-cgt-arm_18.12.4.LTS\lib\</path>
         <kind>archive</kind>
         <file>rtsv7M4_T_le_v4SPD16_eabi.lib</file>
         <name>snprintf.c.obj</name>
      </input_file>
      <input_file id="fl-c5">
         <path>C:\ti\ccs930\ccs\tools\compiler\ti-cgt-arm_18.12.4.LTS\lib\</path>
         <kind>archive</kind>
         <file>rtsv7M4_T_le_v4SPD16_eabi.lib</file>
         <name>memcpy_t2.asm.obj</name>
      </input_file>
      <input_file id="fl-c6">
         <path>C:\ti\ccs930\ccs\tools\compiler\ti-cgt-arm_18.12.4.LTS\lib\</path>
         <kind>archive</kind>
         <file>rtsv7M4_T_le_v4SPD16_eabi.lib</file>
         <name>copy_zero_init.c.obj</name>
      </input_file>
      <input_file id="fl-c7">
         <path>C:\ti\ccs930\ccs\tools\compiler\ti-cgt-arm_18.12.4.LTS\lib\</path>
         <kind>archive</kind>
         <file>rtsv7M4_T_le_v4SPD16_eabi.lib</file>
         <name>copy_decompress_none.c.obj</name>
      </input_file>
      <input_file id="fl-c8">
         <path>C:\ti\ccs930\ccs\tools\compiler\ti-cgt-arm_18.12.4.LTS\lib\</path>
         <kind>archive</kind>
         <file>rtsv7M4_T_le_v4SPD16_eabi.lib</file>
         <name>copy_decompress_lzss.c.obj</name>
      </input_file>
      <input_file id="fl-c9">
         <path>C:\ti\ccs930\ccs\tools\compiler\ti-cgt-arm_18.12.4.LTS\lib\</path>
         <kind>archive</kind>
         <file>rtsv7M4_T_le_v4SPD16_eabi.lib</file>
         <name>boot_cortex_m.c.obj</name>
      </input_file>
      <input_file id="fl-ca">
         <path>C:\ti\ccs930\ccs\tools\compiler\ti-cgt-arm_18.12.4.LTS\lib\</path>
         <kind>archive</kind>
         <file>rtsv7M4_T_le_v4SPD16_eabi.lib</file>
         <name>s_floorf.c.obj</name>
      </input_file>
      <input_file id="fl-cb">
         <path>C:\ti\ccs930\ccs\tools\compiler\ti-cgt-arm_18.12.4.LTS\lib\</path>
         <kind>archive</kind>
         <file>rtsv7M4_T_le_v4SPD16_eabi.lib</file>
         <name>_printfi.c.obj</name>
      </input_file>
      <input_file id="fl-cc">
         <path>C:\ti\ccs930\ccs\tools\compiler\ti-cgt-arm_18.12.4.LTS\lib\</path>
         <kind>archive</kind>
         <file>rtsv7M4_T_le_v4SPD16_eabi.lib</file>
         <name>fd_add_t2.asm.obj</name>
      </input_file>
      <input_file id="fl-cd">
         <path>C:\ti\ccs930\ccs\tools\compiler\ti-cgt-arm_18.12.4.LTS\lib\</path>
         <kind>archive</kind>
         <file>rtsv7M4_T_le_v4SPD16_eabi.lib</file>
         <name>fd_cmp_t2.asm.obj</name>
      </input_file>
      <input_file id="fl-ce">
         <path>C:\ti\ccs930\ccs\tools\compiler\ti-cgt-arm_18.12.4.LTS\lib\</path>
         <kind>archive</kind>
         <file>rtsv7M4_T_le_v4SPD16_eabi.lib</file>
         <name>fd_div_t2.asm.obj</name>
      </input_file>
      <input_file id="fl-cf">
         <path>C:\ti\ccs930\ccs\tools\compiler\ti-cgt-arm_18.12.4.LTS\lib\</path>
         <kind>archive</kind>
         <file>rtsv7M4_T_le_v4SPD16_eabi.lib</file>
         <name>fd_mul_t2.asm.obj</name>
      </input_file>
      <input_file id="fl-d0">
         <path>C:\ti\ccs930\ccs\tools\compiler\ti-cgt-arm_18.12.4.LTS\lib\</path>
         <kind>archive</kind>
         <file>rtsv7M4_T_le_v4SPD16_eabi.lib</file>
         <name>fd_toi_t2.asm.obj</name>
      </input_file>
      <input_file id="fl-d1">
         <path>C:\ti\ccs930\ccs\tools\compiler\ti-cgt-arm_18.12.4.LTS\lib\</path>
         <kind>archive</kind>
         <file>rtsv7M4_T_le_v4SPD16_eabi.lib</file>
         <name>i_tofd_t2.asm.obj</name>
      </input_file>
      <input_file id="fl-d2">
         <path>C:\ti\ccs930\ccs\tools\compiler\ti-cgt-arm_18.12.4.LTS\lib\</path>
         <kind>archive</kind>
         <file>rtsv7M4_T_le_v4SPD16_eabi.lib</file>
         <name>ull_div_t2.asm.obj</name>
      </input_file>
      <input_file id="fl-d3">
         <path>C:\ti\ccs930\ccs\tools\compiler\ti-cgt-arm_18.12.4.LTS\lib\</path>
         <kind>archive</kind>
         <file>rtsv7M4_T_le_v4SPD16_eabi.lib</file>
         <name>memset_t2.asm.obj</name>
      </input_file>
      <input_file id="fl-d4">
         <path>C:\ti\ccs930\ccs\tools\compiler\ti-cgt-arm_18.12.4.LTS\lib\</path>
         <kind>archive</kind>
         <file>rtsv7M4_T_le_v4SPD16_eabi.lib</file>
         <name>autoinit.c.obj</name>
      </input_file>
      <input_file id="fl-d5">
         <path>C:\ti\ccs930\ccs\tools\compiler\ti-cgt-arm_18.12.4.LTS\lib\</path>
         <kind>archive</kind>
         <file>rtsv7M4_T_le_v4SPD16_eabi.lib</file>
         <name>pre_init.c.obj</name>
      </input_file>
      <input_file id="fl-d6">
         <path>C:\ti\ccs930\ccs\tools\compiler\ti-cgt-arm_18.12.4.LTS\lib\</path>
         <kind>archive</kind>
         <file>rtsv7M4_T_le_v4SPD16_eabi.lib</file>
         <name>cpy_tbl.c.obj</name>
      </input_file>
      <input_file id="fl-d7">
         <path>C:\ti\ccs930\ccs\tools\compiler\ti-cgt-arm_18.12.4.LTS\lib\</path>
         <kind>archive</kind>
         <file>rtsv7M4_T_le_v4SPD16_eabi.lib</file>
         <name>exit.c.obj</name>
      </input_file>
      <input_file id="fl-d8">
         <path>C:\ti\ccs930\ccs\tools\compiler\ti-cgt-arm_18.12.4.LTS\lib\</path>
         <kind>archive</kind>
         <file>rtsv7M4_T_le_v4SPD16_eabi.lib</file>
         <name>_lock.c.obj</name>
      </input_file>
      <input_file id="fl-d9">
         <path>C:\ti\ccs930\ccs\tools\compiler\ti-cgt-arm_18.12.4.LTS\lib\</path>
         <kind>archive</kind>
         <file>rtsv7M4_T_le_v4SPD16_eabi.lib</file>
         <name>args_main.c.obj</name>
      </input_file>
      <input_file id="fl-da">
         <path>C:\ti\ccs930\ccs\tools\compiler\ti-cgt-arm_18.12.4.LTS\lib\</path>
         <kind>archive</kind>
         <file>rtsv7M4_T_le_v4SPD16_eabi.lib</file>
         <name>atoi.c.obj</name>
      </input_file>
      <input_file id="fl-db">
         <path>C:\ti\ccs930\ccs\tools\compiler\ti-cgt-arm_18.12.4.LTS\lib\</path>
         <kind>archive</kind>
         <file>rtsv7M4_T_le_v4SPD16_eabi.lib</file>
         <name>ctype.c.obj</name>
      </input_file>
      <input_file id="fl-dc">
         <path>C:\ti\ccs930\ccs\tools\compiler\ti-cgt-arm_18.12.4.LTS\lib\</path>
         <kind>archive</kind>
         <file>rtsv7M4_T_le_v4SPD16_eabi.lib</file>
         <name>ltoa.c.obj</name>
      </input_file>
      <input_file id="fl-dd">
         <path>C:\ti\ccs930\ccs\tools\compiler\ti-cgt-arm_18.12.4.LTS\lib\</path>
         <kind>archive</kind>
         <file>rtsv7M4_T_le_v4SPD16_eabi.lib</file>
         <name>memccpy.c.obj</name>
      </input_file>
      <input_file id="fl-de">
         <path>C:\ti\ccs930\ccs\tools\compiler\ti-cgt-arm_18.12.4.LTS\lib\</path>
         <kind>archive</kind>
         <file>rtsv7M4_T_le_v4SPD16_eabi.lib</file>
         <name>strchr.c.obj</name>
      </input_file>
      <input_file id="fl-df">
         <path>C:\ti\ccs930\ccs\tools\compiler\ti-cgt-arm_18.12.4.LTS\lib\</path>
         <kind>archive</kind>
         <file>rtsv7M4_T_le_v4SPD16_eabi.lib</file>
         <name>strlen.c.obj</name>
      </input_file>
      <input_file id="fl-e0">
         <path>C:\ti\ccs930\ccs\tools\compiler\ti-cgt-arm_18.12.4.LTS\lib\</path>
         <kind>archive</kind>
         <file>rtsv7M4_T_le_v4SPD16_eabi.lib</file>
         <name>errno.c.obj</name>
      </input_file>
      <input_file id="fl-e1">
         <path>C:\ti\ccs930\ccs\tools\compiler\ti-cgt-arm_18.12.4.LTS\lib\</path>
         <kind>archive</kind>
         <file>rtsv7M4_T_le_v4SPD16_eabi.lib</file>
         <name>wcslen.c.obj</name>
      </input_file>
      <input_file id="fl-e2">
         <path>C:\ti\ccs930\ccs\tools\compiler\ti-cgt-arm_18.12.4.LTS\lib\</path>
         <kind>archive</kind>
         <file>rtsv7M4_T_le_v4SPD16_eabi.lib</file>
         <name>s_frexp.c.obj</name>
      </input_file>
      <input_file id="fl-e3">
         <path>C:\ti\ccs930\ccs\tools\compiler\ti-cgt-arm_18.12.4.LTS\lib\</path>
         <kind>archive</kind>
         <file>rtsv7M4_T_le_v4SPD16_eabi.lib</file>
         <name>s_scalbn.c.obj</name>
      </input_file>
      <input_file id="fl-e4">
         <path>C:\ti\ccs930\ccs\tools\compiler\ti-cgt-arm_18.12.4.LTS\lib\</path>
         <kind>archive</kind>
         <file>rtsv7M4_T_le_v4SPD16_eabi.lib</file>
         <name>div0.asm.obj</name>
      </input_file>
      <input_file id="fl-e5">
         <path>C:\ti\ccs930\ccs\tools\compiler\ti-cgt-arm_18.12.4.LTS\lib\</path>
         <kind>archive</kind>
         <file>rtsv7M4_T_le_v4SPD16_eabi.lib</file>
         <name>s_copysign.c.obj</name>
      </input_file>
      <input_file id="fl-e6">
         <path>C:\ti\tirtos_tivac_2_16_01_14\products\TivaWare_C_Series-2.1.1.71b\grlib\ccs\Debug\</path>
         <kind>archive</kind>
         <file>grlib.lib</file>
         <name>context.obj</name>
      </input_file>
      <input_file id="fl-e7">
         <path>C:\ti\tirtos_tivac_2_16_01_14\products\TivaWare_C_Series-2.1.1.71b\grlib\ccs\Debug\</path>
         <kind>archive</kind>
         <file>grlib.lib</file>
         <name>rectangle.obj</name>
      </input_file>
      <input_file id="fl-e8">
         <path>C:\ti\tirtos_tivac_2_16_01_14\products\TivaWare_C_Series-2.1.1.71b\grlib\ccs\Debug\</path>
         <kind>archive</kind>
         <file>grlib.lib</file>
         <name>string.obj</name>
      </input_file>
      <input_file id="fl-e9">
         <path>C:\ti\tirtos_tivac_2_16_01_14\products\TivaWare_C_Series-2.1.1.71b\grlib\ccs\Debug\</path>
         <kind>archive</kind>
         <file>grlib.lib</file>
         <name>fontfixed6x8.obj</name>
      </input_file>
      <input_file id="fl-ea">
         <path>C:\ti\tirtos_tivac_2_16_01_14\products\TivaWare_C_Series-2.1.1.71b\grlib\ccs\Debug\</path>
         <kind>archive</kind>
         <file>grlib.lib</file>
         <name>charmap.obj</name>
      </input_file>
      <input_file id="fl-eb">
         <path>C:\ti\tirtos_tivac_2_16_01_14\products\TivaWare_C_Series-2.1.1.71b\grlib\ccs\Debug\</path>
         <kind>archive</kind>
         <file>grlib.lib</file>
         <name>line.obj</name>
      </input_file>
      <input_file id="fl-ec">
         <path>C:\ti\tirtos_tivac_2_16_01_14\products\TivaWare_C_Series-2.1.1.71b\driverlib\ccs\Debug\</path>
         <kind>archive</kind>
         <file>driverlib.lib</file>
         <name>adc.obj</name>
      </input_file>
      <input_file id="fl-ed">
         <path>C:\ti\tirtos_tivac_2_16_01_14\products\TivaWare_C_Series-2.1.1.71b\driverlib\ccs\Debug\</path>
         <kind>archive</kind>
         <file>driverlib.lib</file>
         <name>fpu.obj</name>
      </input_file>
      <input_file id="fl-ee">
         <path>C:\ti\tirtos_tivac_2_16_01_14\products\TivaWare_C_Series-2.1.1.71b\driverlib\ccs\Debug\</path>
         <kind>archive</kind>
         <file>driverlib.lib</file>
         <name>gpio.obj</name>
      </input_file>
      <input_file id="fl-ef">
         <path>C:\ti\tirtos_tivac_2_16_01_14\products\TivaWare_C_Series-2.1.1.71b\driverlib\ccs\Debug\</path>
         <kind>archive</kind>
         <file>driverlib.lib</file>
         <name>interrupt.obj</name>
      </input_file>
      <input_file id="fl-f0">
         <path>C:\ti\tirtos_tivac_2_16_01_14\products\TivaWare_C_Series-2.1.1.71b\driverlib\ccs\Debug\</path>
         <kind>archive</kind>
         <file>driverlib.lib</file>
         <name>ssi.obj</name>
      </input_file>
      <input_file id="fl-f1">
         <path>C:\ti\tirtos_tivac_2_16_01_14\products\TivaWare_C_Series-2.1.1.71b\driverlib\ccs\Debug\</path>
         <kind>archive</kind>
         <file>driverlib.lib</file>
         <name>sysctl.obj</name>
      </input_file>
      <input_file id="fl-f2">
         <path>C:\ti\tirtos_tivac_2_16_01_14\products\TivaWare_C_Series-2.1.1.71b\driverlib\ccs\Debug\</path>
         <kind>archive</kind>
         <file>driverlib.lib</file>
         <name>timer.obj</name>
      </input_file>
      <input_file id="fl-f3">
         <path>C:\ti\tirtos_tivac_2_16_01_14\products\TivaWare_C_Series-2.1.1.71b\driverlib\ccs\Debug\</path>
         <kind>archive</kind>
         <file>driverlib.lib</file>
         <name>cpu.obj</name>
      </input_file>
   </input_file_list>
   <object_component_list>
      <object_component id="oc-f">
         <name>.intvecs</name>
         <load_address>0x0</load_address>
         <run_address>0x0</run_address>
         <size>0x208</size>
         <input_file_ref idref="fl-7"/>
      </object_component>
      <object_component id="oc-2c0">
         <name>.text:__TI_printfi</name>
         <load_address>0x208</load_address>
         <run_address>0x208</run_address>
         <size>0xa4e</size>
         <input_file_ref idref="fl-cb"/>
      </object_component>
      <object_component id="oc-4ab">
         <name>.text</name>
         <load_address>0xc56</load_address>
         <run_address>0xc56</run_address>
         <size>0x2</size>
         <input_file_ref idref="fl-e4"/>
      </object_component>
      <object_component id="oc-2a">
         <name>.text</name>
         <load_address>0xc58</load_address>
         <run_address>0xc58</run_address>
         <size>0x49a</size>
         <input_file_ref idref="fl-4"/>
      </object_component>
      <object_component id="oc-109">
         <name>.text:GPIOPinRead</name>
         <load_address>0x10f2</load_address>
         <run_address>0x10f2</run_address>
         <size>0x6</size>
         <input_file_ref idref="fl-ee"/>
      </object_component>
      <object_component id="oc-1d5">
         <name>.text</name>
         <load_address>0x10f8</load_address>
         <run_address>0x10f8</run_address>
         <size>0x3f0</size>
         <input_file_ref idref="fl-2"/>
      </object_component>
      <object_component id="oc-3a7">
         <name>.text:_pconv_a</name>
         <load_address>0x14e8</load_address>
         <run_address>0x14e8</run_address>
         <size>0x270</size>
         <input_file_ref idref="fl-cb"/>
      </object_component>
      <object_component id="oc-35d">
         <name>.text:GrFontGlyphRender</name>
         <load_address>0x1758</load_address>
         <run_address>0x1758</run_address>
         <size>0x256</size>
         <input_file_ref idref="fl-e8"/>
      </object_component>
      <object_component id="oc-1cf">
         <name>.text:SysCtlClockFreqSet</name>
         <load_address>0x19b0</load_address>
         <run_address>0x19b0</run_address>
         <size>0x204</size>
         <input_file_ref idref="fl-f1"/>
      </object_component>
      <object_component id="oc-395">
         <name>.text:_pconv_g</name>
         <load_address>0x1bb4</load_address>
         <run_address>0x1bb4</run_address>
         <size>0x1d0</size>
         <input_file_ref idref="fl-cb"/>
      </object_component>
      <object_component id="oc-440">
         <name>.text</name>
         <load_address>0x1d84</load_address>
         <run_address>0x1d84</run_address>
         <size>0x1b6</size>
         <input_file_ref idref="fl-cc"/>
      </object_component>
      <object_component id="oc-323">
         <name>.text:GPIOPinWrite</name>
         <load_address>0x1f3a</load_address>
         <run_address>0x1f3a</run_address>
         <size>0x6</size>
         <input_file_ref idref="fl-ee"/>
      </object_component>
      <object_component id="oc-283">
         <name>.text</name>
         <load_address>0x1f40</load_address>
         <run_address>0x1f40</run_address>
         <size>0x17e</size>
         <input_file_ref idref="fl-3"/>
      </object_component>
      <object_component id="oc-145">
         <name>.text</name>
         <load_address>0x20c0</load_address>
         <run_address>0x20c0</run_address>
         <size>0x162</size>
         <input_file_ref idref="fl-5"/>
      </object_component>
      <object_component id="oc-3a1">
         <name>.text:_pconv_e</name>
         <load_address>0x2224</load_address>
         <run_address>0x2224</run_address>
         <size>0x13c</size>
         <input_file_ref idref="fl-cb"/>
      </object_component>
      <object_component id="oc-426">
         <name>.text</name>
         <load_address>0x2360</load_address>
         <run_address>0x2360</run_address>
         <size>0x136</size>
         <input_file_ref idref="fl-ce"/>
      </object_component>
      <object_component id="oc-ce">
         <name>.text:GPIOPadConfigSet</name>
         <load_address>0x2496</load_address>
         <run_address>0x2496</run_address>
         <size>0x130</size>
         <input_file_ref idref="fl-ee"/>
      </object_component>
      <object_component id="oc-452">
         <name>.text:fcvt</name>
         <load_address>0x25c8</load_address>
         <run_address>0x25c8</run_address>
         <size>0x124</size>
         <input_file_ref idref="fl-cb"/>
      </object_component>
      <object_component id="oc-466">
         <name>.text:scalbn</name>
         <load_address>0x26ec</load_address>
         <run_address>0x26ec</run_address>
         <size>0x110</size>
         <input_file_ref idref="fl-e3"/>
      </object_component>
      <object_component id="oc-421">
         <name>.text</name>
         <load_address>0x27fc</load_address>
         <run_address>0x27fc</run_address>
         <size>0xfc</size>
         <input_file_ref idref="fl-cf"/>
      </object_component>
      <object_component id="oc-296">
         <name>.text:GrDefaultStringRenderer</name>
         <load_address>0x28f8</load_address>
         <run_address>0x28f8</run_address>
         <size>0xc4</size>
         <input_file_ref idref="fl-e8"/>
      </object_component>
      <object_component id="oc-38a">
         <name>.text:_ltostr</name>
         <load_address>0x29bc</load_address>
         <run_address>0x29bc</run_address>
         <size>0xb1</size>
         <input_file_ref idref="fl-cb"/>
      </object_component>
      <object_component id="oc-3e">
         <name>.text</name>
         <load_address>0x2a6e</load_address>
         <run_address>0x2a6e</run_address>
         <size>0x9c</size>
         <input_file_ref idref="fl-c5"/>
      </object_component>
      <object_component id="oc-41a">
         <name>.text</name>
         <load_address>0x2b0a</load_address>
         <run_address>0x2b0a</run_address>
         <size>0x96</size>
         <input_file_ref idref="fl-d2"/>
      </object_component>
      <object_component id="oc-1f3">
         <name>.text:GrRectFill</name>
         <load_address>0x2ba0</load_address>
         <run_address>0x2ba0</run_address>
         <size>0x86</size>
         <input_file_ref idref="fl-e7"/>
      </object_component>
      <object_component id="oc-390">
         <name>.text:__aeabi_cdcmple</name>
         <load_address>0x2c26</load_address>
         <run_address>0x2c26</run_address>
         <size>0x86</size>
         <input_file_ref idref="fl-cd"/>
      </object_component>
      <object_component id="oc-42b">
         <name>.text:__aeabi_cdrcmple</name>
         <load_address>0x2cac</load_address>
         <run_address>0x2cac</run_address>
         <size>0x86</size>
         <input_file_ref idref="fl-cd"/>
      </object_component>
      <object_component id="oc-177">
         <name>.text:floorf</name>
         <load_address>0x2d34</load_address>
         <run_address>0x2d34</run_address>
         <size>0x80</size>
         <input_file_ref idref="fl-ca"/>
      </object_component>
      <object_component id="oc-f5">
         <name>.text:ADCSequenceStepConfigure</name>
         <load_address>0x2db4</load_address>
         <run_address>0x2db4</run_address>
         <size>0x7a</size>
         <input_file_ref idref="fl-ec"/>
      </object_component>
      <object_component id="oc-139">
         <name>.text</name>
         <load_address>0x2e2e</load_address>
         <run_address>0x2e2e</run_address>
         <size>0x7a</size>
         <input_file_ref idref="fl-d3"/>
      </object_component>
      <object_component id="oc-44b">
         <name>.text:_mcpy</name>
         <load_address>0x2ea8</load_address>
         <run_address>0x2ea8</run_address>
         <size>0x6e</size>
         <input_file_ref idref="fl-cb"/>
      </object_component>
      <object_component id="oc-a4">
         <name>.text:roundf</name>
         <load_address>0x2f16</load_address>
         <run_address>0x2f16</run_address>
         <size>0x6e</size>
         <input_file_ref idref="fl-c3"/>
      </object_component>
      <object_component id="oc-1de">
         <name>.text:GrContextInit</name>
         <load_address>0x2f84</load_address>
         <run_address>0x2f84</run_address>
         <size>0x68</size>
         <input_file_ref idref="fl-e6"/>
      </object_component>
      <object_component id="oc-c2">
         <name>.text:IntEnable</name>
         <load_address>0x2fec</load_address>
         <run_address>0x2fec</run_address>
         <size>0x68</size>
         <input_file_ref idref="fl-ef"/>
      </object_component>
      <object_component id="oc-12">
         <name>.text:decompress:lzss:__TI_decompress_lzss</name>
         <load_address>0x3054</load_address>
         <run_address>0x3054</run_address>
         <size>0x68</size>
         <input_file_ref idref="fl-c8"/>
      </object_component>
      <object_component id="oc-460">
         <name>.text:frexp</name>
         <load_address>0x30bc</load_address>
         <run_address>0x30bc</run_address>
         <size>0x64</size>
         <input_file_ref idref="fl-e2"/>
      </object_component>
      <object_component id="oc-9b">
         <name>.text:TimerConfigure</name>
         <load_address>0x3120</load_address>
         <run_address>0x3120</run_address>
         <size>0x60</size>
         <input_file_ref idref="fl-f2"/>
      </object_component>
      <object_component id="oc-402">
         <name>.text:FontWideGlyphDataGet</name>
         <load_address>0x3180</load_address>
         <run_address>0x3180</run_address>
         <size>0x5a</size>
         <input_file_ref idref="fl-e8"/>
      </object_component>
      <object_component id="oc-39b">
         <name>.text:_pconv_f</name>
         <load_address>0x31da</load_address>
         <run_address>0x31da</run_address>
         <size>0x56</size>
         <input_file_ref idref="fl-cb"/>
      </object_component>
      <object_component id="oc-435">
         <name>.text:ltoa</name>
         <load_address>0x3230</load_address>
         <run_address>0x3230</run_address>
         <size>0x54</size>
         <input_file_ref idref="fl-dc"/>
      </object_component>
      <object_component id="oc-445">
         <name>.text:_ecpy</name>
         <load_address>0x3284</load_address>
         <run_address>0x3284</run_address>
         <size>0x52</size>
         <input_file_ref idref="fl-cb"/>
      </object_component>
      <object_component id="oc-384">
         <name>.text:atoi</name>
         <load_address>0x32d8</load_address>
         <run_address>0x32d8</run_address>
         <size>0x4c</size>
         <input_file_ref idref="fl-da"/>
      </object_component>
      <object_component id="oc-1f9">
         <name>.text:snprintf</name>
         <load_address>0x3324</load_address>
         <run_address>0x3324</run_address>
         <size>0x4c</size>
         <input_file_ref idref="fl-c4"/>
      </object_component>
      <object_component id="oc-2a9">
         <name>.text:UpdateContextCharMapping</name>
         <load_address>0x3370</load_address>
         <run_address>0x3370</run_address>
         <size>0x4a</size>
         <input_file_ref idref="fl-e8"/>
      </object_component>
      <object_component id="oc-1e7">
         <name>.text:GrContextFontSet</name>
         <load_address>0x33ba</load_address>
         <run_address>0x33ba</run_address>
         <size>0x6</size>
         <input_file_ref idref="fl-e8"/>
      </object_component>
      <object_component id="oc-da">
         <name>.text</name>
         <load_address>0x33c0</load_address>
         <run_address>0x33c0</run_address>
         <size>0x4a</size>
         <input_file_ref idref="fl-6"/>
      </object_component>
      <object_component id="oc-33b">
         <name>.text:GPIOPinConfigure</name>
         <load_address>0x340c</load_address>
         <run_address>0x340c</run_address>
         <size>0x48</size>
         <input_file_ref idref="fl-ee"/>
      </object_component>
      <object_component id="oc-272">
         <name>.text:_SysCtlFrequencyGet</name>
         <load_address>0x3454</load_address>
         <run_address>0x3454</run_address>
         <size>0x48</size>
         <input_file_ref idref="fl-f1"/>
      </object_component>
      <object_component id="oc-430">
         <name>.text</name>
         <load_address>0x349c</load_address>
         <run_address>0x349c</run_address>
         <size>0x48</size>
         <input_file_ref idref="fl-d0"/>
      </object_component>
      <object_component id="oc-212">
         <name>.text:__TI_auto_init_nobinit_nopinit:__TI_auto_init_nobinit_nopinit</name>
         <load_address>0x34e4</load_address>
         <run_address>0x34e4</run_address>
         <size>0x44</size>
         <input_file_ref idref="fl-d4"/>
      </object_component>
      <object_component id="oc-ef">
         <name>.text:ADCSequenceConfigure</name>
         <load_address>0x3528</load_address>
         <run_address>0x3528</run_address>
         <size>0x3e</size>
         <input_file_ref idref="fl-ec"/>
      </object_component>
      <object_component id="oc-458">
         <name>.text:_fcpy</name>
         <load_address>0x3566</load_address>
         <run_address>0x3566</run_address>
         <size>0x3e</size>
         <input_file_ref idref="fl-cb"/>
      </object_component>
      <object_component id="oc-329">
         <name>.text:SSIConfigSetExpClk</name>
         <load_address>0x35a4</load_address>
         <run_address>0x35a4</run_address>
         <size>0x3c</size>
         <input_file_ref idref="fl-f0"/>
      </object_component>
      <object_component id="oc-408">
         <name>.text:FontGlyphDataGet</name>
         <load_address>0x35e0</load_address>
         <run_address>0x35e0</run_address>
         <size>0x3a</size>
         <input_file_ref idref="fl-e8"/>
      </object_component>
      <object_component id="oc-8f">
         <name>.text:SysCtlPeripheralEnable</name>
         <load_address>0x361c</load_address>
         <run_address>0x361c</run_address>
         <size>0x34</size>
         <input_file_ref idref="fl-f1"/>
      </object_component>
      <object_component id="oc-5c">
         <name>.text:_c_int00_noargs:_c_int00_noargs</name>
         <load_address>0x3650</load_address>
         <run_address>0x3650</run_address>
         <size>0x34</size>
         <input_file_ref idref="fl-c9"/>
      </object_component>
      <object_component id="oc-2c6">
         <name>.text:_outs</name>
         <load_address>0x3684</load_address>
         <run_address>0x3684</run_address>
         <size>0x30</size>
         <input_file_ref idref="fl-c4"/>
      </object_component>
      <object_component id="oc-77">
         <name>.text:ADCIntStatus</name>
         <load_address>0x36b4</load_address>
         <run_address>0x36b4</run_address>
         <size>0x2e</size>
         <input_file_ref idref="fl-ec"/>
      </object_component>
      <object_component id="oc-351">
         <name>.text:GrStringNextCharGet</name>
         <load_address>0x36e2</load_address>
         <run_address>0x36e2</run_address>
         <size>0x2e</size>
         <input_file_ref idref="fl-e8"/>
      </object_component>
      <object_component id="oc-43b">
         <name>.text</name>
         <load_address>0x3710</load_address>
         <run_address>0x3710</run_address>
         <size>0x2e</size>
         <input_file_ref idref="fl-d1"/>
      </object_component>
      <object_component id="oc-18b">
         <name>.text:GPIODirModeSet</name>
         <load_address>0x373e</load_address>
         <run_address>0x373e</run_address>
         <size>0x2a</size>
         <input_file_ref idref="fl-ee"/>
      </object_component>
      <object_component id="oc-34b">
         <name>.text:GrFontInfoGet</name>
         <load_address>0x3768</load_address>
         <run_address>0x3768</run_address>
         <size>0x26</size>
         <input_file_ref idref="fl-e8"/>
      </object_component>
      <object_component id="oc-bc">
         <name>.text:IntPrioritySet</name>
         <load_address>0x3790</load_address>
         <run_address>0x3790</run_address>
         <size>0x24</size>
         <input_file_ref idref="fl-ef"/>
      </object_component>
      <object_component id="oc-357">
         <name>.text:GrFontGlyphDataGet</name>
         <load_address>0x37b4</load_address>
         <run_address>0x37b4</run_address>
         <size>0x22</size>
         <input_file_ref idref="fl-e8"/>
      </object_component>
      <object_component id="oc-80">
         <name>.text:ADCSequenceDataGet</name>
         <load_address>0x37d6</load_address>
         <run_address>0x37d6</run_address>
         <size>0x1e</size>
         <input_file_ref idref="fl-ec"/>
      </object_component>
      <object_component id="oc-372">
         <name>.text:GrFontCodepageGet</name>
         <load_address>0x37f4</load_address>
         <run_address>0x37f4</run_address>
         <size>0x1e</size>
         <input_file_ref idref="fl-e8"/>
      </object_component>
      <object_component id="oc-26c">
         <name>.text:_SysCtlMemTimingGet</name>
         <load_address>0x3814</load_address>
         <run_address>0x3814</run_address>
         <size>0x1c</size>
         <input_file_ref idref="fl-f1"/>
      </object_component>
      <object_component id="oc-4a">
         <name>.text:decompress:ZI:__TI_zero_init_nomemset:__TI_zero_init_nomemset</name>
         <load_address>0x3830</load_address>
         <run_address>0x3830</run_address>
         <size>0x1c</size>
         <input_file_ref idref="fl-c6"/>
      </object_component>
      <object_component id="oc-3ad">
         <name>.text:memccpy</name>
         <load_address>0x384c</load_address>
         <run_address>0x384c</run_address>
         <size>0x1c</size>
         <input_file_ref idref="fl-dd"/>
      </object_component>
      <object_component id="oc-4c4">
         <name>.text:copysign</name>
         <load_address>0x3868</load_address>
         <run_address>0x3868</run_address>
         <size>0x1a</size>
         <input_file_ref idref="fl-e5"/>
      </object_component>
      <object_component id="oc-28c">
         <name>.text:SysCtlDelay</name>
         <load_address>0x3882</load_address>
         <run_address>0x3882</run_address>
         <size>0x6</size>
         <input_file_ref idref="fl-f1"/>
      </object_component>
      <object_component id="oc-24">
         <name>.text</name>
         <load_address>0x3888</load_address>
         <run_address>0x3888</run_address>
         <size>0x1a</size>
         <input_file_ref idref="fl-7"/>
      </object_component>
      <object_component id="oc-e3">
         <name>.text:ADCClockConfigSet</name>
         <load_address>0x38a2</load_address>
         <run_address>0x38a2</run_address>
         <size>0x18</size>
         <input_file_ref idref="fl-ec"/>
      </object_component>
      <object_component id="oc-71">
         <name>.text:ADCProcessorTrigger</name>
         <load_address>0x38ba</load_address>
         <run_address>0x38ba</run_address>
         <size>0x18</size>
         <input_file_ref idref="fl-ec"/>
      </object_component>
      <object_component id="oc-341">
         <name>.text:GPIOPinTypeGPIOOutput</name>
         <load_address>0x38d2</load_address>
         <run_address>0x38d2</run_address>
         <size>0x18</size>
         <input_file_ref idref="fl-ee"/>
      </object_component>
      <object_component id="oc-2cc">
         <name>.text:_outc</name>
         <load_address>0x38ea</load_address>
         <run_address>0x38ea</run_address>
         <size>0x18</size>
         <input_file_ref idref="fl-c4"/>
      </object_component>
      <object_component id="oc-1ff">
         <name>.text:GrStringDraw</name>
         <load_address>0x3902</load_address>
         <run_address>0x3902</run_address>
         <size>0x16</size>
         <input_file_ref idref="fl-e8"/>
      </object_component>
      <object_component id="oc-46c">
         <name>.text:strchr</name>
         <load_address>0x3918</load_address>
         <run_address>0x3918</run_address>
         <size>0x16</size>
         <input_file_ref idref="fl-de"/>
      </object_component>
      <object_component id="oc-95">
         <name>.text:TimerDisable</name>
         <load_address>0x3930</load_address>
         <run_address>0x3930</run_address>
         <size>0x14</size>
         <input_file_ref idref="fl-f2"/>
      </object_component>
      <object_component id="oc-37e">
         <name>.text:strlen</name>
         <load_address>0x3944</load_address>
         <run_address>0x3944</run_address>
         <size>0x14</size>
         <input_file_ref idref="fl-df"/>
      </object_component>
      <object_component id="oc-d4">
         <name>.text:GPIOPinTypeADC</name>
         <load_address>0x3958</load_address>
         <run_address>0x3958</run_address>
         <size>0x12</size>
         <input_file_ref idref="fl-ee"/>
      </object_component>
      <object_component id="oc-c8">
         <name>.text:GPIOPinTypeGPIOInput</name>
         <load_address>0x396a</load_address>
         <run_address>0x396a</run_address>
         <size>0x12</size>
         <input_file_ref idref="fl-ee"/>
      </object_component>
      <object_component id="oc-335">
         <name>.text:GPIOPinTypeSSI</name>
         <load_address>0x397c</load_address>
         <run_address>0x397c</run_address>
         <size>0x12</size>
         <input_file_ref idref="fl-ee"/>
      </object_component>
      <object_component id="oc-aa">
         <name>.text:TimerLoadSet</name>
         <load_address>0x398e</load_address>
         <run_address>0x398e</run_address>
         <size>0x12</size>
         <input_file_ref idref="fl-f2"/>
      </object_component>
      <object_component id="oc-3b3">
         <name>.text:wcslen</name>
         <load_address>0x39a0</load_address>
         <run_address>0x39a0</run_address>
         <size>0x12</size>
         <input_file_ref idref="fl-e1"/>
      </object_component>
      <object_component id="oc-1c3">
         <name>.text:FPUEnable</name>
         <load_address>0x39b4</load_address>
         <run_address>0x39b4</run_address>
         <size>0x10</size>
         <input_file_ref idref="fl-ed"/>
      </object_component>
      <object_component id="oc-1c9">
         <name>.text:FPULazyStackingEnable</name>
         <load_address>0x39c4</load_address>
         <run_address>0x39c4</run_address>
         <size>0x10</size>
         <input_file_ref idref="fl-ed"/>
      </object_component>
      <object_component id="oc-1bd">
         <name>.text:IntMasterDisable</name>
         <load_address>0x39d4</load_address>
         <run_address>0x39d4</run_address>
         <size>0x10</size>
         <input_file_ref idref="fl-ef"/>
      </object_component>
      <object_component id="oc-1ed">
         <name>.text:IntMasterEnable</name>
         <load_address>0x39e4</load_address>
         <run_address>0x39e4</run_address>
         <size>0x10</size>
         <input_file_ref idref="fl-ef"/>
      </object_component>
      <object_component id="oc-e9">
         <name>.text:ADCSequenceDisable</name>
         <load_address>0x39f4</load_address>
         <run_address>0x39f4</run_address>
         <size>0xe</size>
         <input_file_ref idref="fl-ec"/>
      </object_component>
      <object_component id="oc-fb">
         <name>.text:ADCSequenceEnable</name>
         <load_address>0x3a02</load_address>
         <run_address>0x3a02</run_address>
         <size>0xe</size>
         <input_file_ref idref="fl-ec"/>
      </object_component>
      <object_component id="oc-b6">
         <name>.text:TimerEnable</name>
         <load_address>0x3a10</load_address>
         <run_address>0x3a10</run_address>
         <size>0xe</size>
         <input_file_ref idref="fl-f2"/>
      </object_component>
      <object_component id="oc-18">
         <name>.text:decompress:none:__TI_decompress_none</name>
         <load_address>0x3a1e</load_address>
         <run_address>0x3a1e</run_address>
         <size>0xe</size>
         <input_file_ref idref="fl-c7"/>
      </object_component>
      <object_component id="oc-263">
         <name>.text:CPUcpsid</name>
         <load_address>0x3a2c</load_address>
         <run_address>0x3a2c</run_address>
         <size>0xc</size>
         <input_file_ref idref="fl-f3"/>
      </object_component>
      <object_component id="oc-2b2">
         <name>.text:CPUcpsie</name>
         <load_address>0x3a38</load_address>
         <run_address>0x3a38</run_address>
         <size>0xc</size>
         <input_file_ref idref="fl-f3"/>
      </object_component>
      <object_component id="oc-86">
         <name>.text:ADCIntClear</name>
         <load_address>0x3a44</load_address>
         <run_address>0x3a44</run_address>
         <size>0xa</size>
         <input_file_ref idref="fl-ec"/>
      </object_component>
      <object_component id="oc-317">
         <name>.text:SSIDataPut</name>
         <load_address>0x3a4e</load_address>
         <run_address>0x3a4e</run_address>
         <size>0xa</size>
         <input_file_ref idref="fl-f0"/>
      </object_component>
      <object_component id="oc-32f">
         <name>.text:SSIEnable</name>
         <load_address>0x3a58</load_address>
         <run_address>0x3a58</run_address>
         <size>0xa</size>
         <input_file_ref idref="fl-f0"/>
      </object_component>
      <object_component id="oc-364">
         <name>.text:GrMapISO8859_1_Unicode</name>
         <load_address>0x3a62</load_address>
         <run_address>0x3a62</run_address>
         <size>0x8</size>
         <input_file_ref idref="fl-ea"/>
      </object_component>
      <object_component id="oc-31d">
         <name>.text:SSIBusy</name>
         <load_address>0x3a6a</load_address>
         <run_address>0x3a6a</run_address>
         <size>0x8</size>
         <input_file_ref idref="fl-f0"/>
      </object_component>
      <object_component id="oc-b0">
         <name>.text:TimerIntEnable</name>
         <load_address>0x3a72</load_address>
         <run_address>0x3a72</run_address>
         <size>0x8</size>
         <input_file_ref idref="fl-f2"/>
      </object_component>
      <object_component id="oc-3b9">
         <name>.text:__aeabi_errno_addr</name>
         <load_address>0x3a7c</load_address>
         <run_address>0x3a7c</run_address>
         <size>0x8</size>
         <input_file_ref idref="fl-e0"/>
      </object_component>
      <object_component id="oc-103">
         <name>.text:TimerIntClear</name>
         <load_address>0x3a84</load_address>
         <run_address>0x3a84</run_address>
         <size>0x4</size>
         <input_file_ref idref="fl-f2"/>
      </object_component>
      <object_component id="oc-13f">
         <name>.text:_system_pre_init</name>
         <load_address>0x3a88</load_address>
         <run_address>0x3a88</run_address>
         <size>0x4</size>
         <input_file_ref idref="fl-d5"/>
      </object_component>
      <object_component id="oc-206">
         <name>.text:abort:abort</name>
         <load_address>0x3a8c</load_address>
         <run_address>0x3a8c</run_address>
         <size>0x4</size>
         <input_file_ref idref="fl-d7"/>
      </object_component>
      <object_component id="oc-2a3">
         <name>.const:.string:g_pui8FontFixed6x8Data</name>
         <load_address>0x3a90</load_address>
         <run_address>0x3a90</run_address>
         <size>0x2f8</size>
         <input_file_ref idref="fl-e9"/>
      </object_component>
      <object_component id="oc-27b">
         <name>.const:g_pppui32XTALtoVCO</name>
         <load_address>0x3d88</load_address>
         <run_address>0x3d88</run_address>
         <size>0x120</size>
         <input_file_ref idref="fl-f1"/>
      </object_component>
      <object_component id="oc-415">
         <name>.const:.string:_ctypes_</name>
         <load_address>0x3ea8</load_address>
         <run_address>0x3ea8</run_address>
         <size>0x101</size>
         <input_file_ref idref="fl-db"/>
      </object_component>
      <object_component id="oc-1e4">
         <name>.const:g_sFontFixed6x8</name>
         <load_address>0x3fac</load_address>
         <run_address>0x3fac</run_address>
         <size>0xc8</size>
         <input_file_ref idref="fl-e9"/>
      </object_component>
      <object_component id="oc-182">
         <name>.const:g_pui32Regs</name>
         <load_address>0x4074</load_address>
         <run_address>0x4074</run_address>
         <size>0x9c</size>
         <input_file_ref idref="fl-ef"/>
      </object_component>
      <object_component id="oc-3f9">
         <name>.const:g_pui32GPIOBaseAddrs</name>
         <load_address>0x4110</load_address>
         <run_address>0x4110</run_address>
         <size>0x90</size>
         <input_file_ref idref="fl-ee"/>
      </object_component>
      <object_component id="oc-187">
         <name>.const</name>
         <load_address>0x41a0</load_address>
         <run_address>0x41a0</run_address>
         <size>0x70</size>
         <input_file_ref idref="fl-ef"/>
      </object_component>
      <object_component id="oc-278">
         <name>.const:g_pui32Xtals</name>
         <load_address>0x4210</load_address>
         <run_address>0x4210</run_address>
         <size>0x6c</size>
         <input_file_ref idref="fl-f1"/>
      </object_component>
      <object_component id="oc-30c">
         <name>.const:g_sXTALtoMEMTIM</name>
         <load_address>0x427c</load_address>
         <run_address>0x427c</run_address>
         <size>0x30</size>
         <input_file_ref idref="fl-f1"/>
      </object_component>
      <object_component id="oc-1db">
         <name>.const:g_sCrystalfontz128x128</name>
         <load_address>0x42ac</load_address>
         <run_address>0x42ac</run_address>
         <size>0x28</size>
         <input_file_ref idref="fl-2"/>
      </object_component>
      <object_component id="oc-29c">
         <name>.const</name>
         <load_address>0x42d4</load_address>
         <run_address>0x42d4</run_address>
         <size>0x10</size>
         <input_file_ref idref="fl-e6"/>
      </object_component>
      <object_component id="oc-27e">
         <name>.const</name>
         <load_address>0x42e4</load_address>
         <run_address>0x42e4</run_address>
         <size>0x8</size>
         <input_file_ref idref="fl-f1"/>
      </object_component>
      <object_component id="oc-51a">
         <name>.cinit..data.load</name>
         <load_address>0x42f0</load_address>
         <run_address>0x42f0</run_address>
         <size>0x14</size>
      </object_component>
      <object_component id="oc-518">
         <name>__TI_handler_table</name>
         <load_address>0x4304</load_address>
         <run_address>0x4304</run_address>
         <size>0xc</size>
      </object_component>
      <object_component id="oc-51b">
         <name>.cinit..bss.load</name>
         <load_address>0x4310</load_address>
         <run_address>0x4310</run_address>
         <size>0x8</size>
      </object_component>
      <object_component id="oc-519">
         <name>__TI_cinit_table</name>
         <load_address>0x4318</load_address>
         <run_address>0x4318</run_address>
         <size>0x10</size>
      </object_component>
      <object_component id="oc-289">
         <name>.data:Lcd_buffer</name>
         <load_address>0x20000000</load_address>
         <run_address>0x20000000</run_address>
         <size>0x8000</size>
         <input_file_ref idref="fl-2"/>
      </object_component>
      <object_component id="oc-8c">
         <name>.data</name>
         <load_address>0x2000802c</load_address>
         <run_address>0x2000802c</run_address>
         <size>0x6</size>
         <input_file_ref idref="fl-4"/>
      </object_component>
      <object_component id="oc-7d">
         <name>.data:gJoystick</name>
         <load_address>0x20008024</load_address>
         <run_address>0x20008024</run_address>
         <size>0x8</size>
         <input_file_ref idref="fl-4"/>
      </object_component>
      <object_component id="oc-102">
         <name>.data:count$2</name>
         <load_address>0x20008000</load_address>
         <run_address>0x20008000</run_address>
         <size>0x24</size>
         <input_file_ref idref="fl-4"/>
      </object_component>
      <object_component id="oc-10f">
         <name>.data</name>
         <load_address>0x20008034</load_address>
         <run_address>0x20008034</run_address>
         <size>0x4</size>
         <input_file_ref idref="fl-5"/>
      </object_component>
      <object_component id="oc-47c">
         <name>.data</name>
         <load_address>0x20008038</load_address>
         <run_address>0x20008038</run_address>
         <size>0x4</size>
         <input_file_ref idref="fl-e0"/>
      </object_component>
      <object_component id="oc-101">
         <name>.bss:state$1</name>
         <uninitialized>true</uninitialized>
         <run_address>0x20008840</run_address>
         <size>0x14</size>
         <input_file_ref idref="fl-4"/>
      </object_component>
      <object_component id="oc-282">
         <name>.common:Lcd_Orientation</name>
         <uninitialized>true</uninitialized>
         <run_address>0x20008868</run_address>
         <size>0x1</size>
      </object_component>
      <object_component id="oc-28e">
         <name>.common:Lcd_ScreenWidth</name>
         <uninitialized>true</uninitialized>
         <run_address>0x20008862</run_address>
         <size>0x2</size>
      </object_component>
      <object_component id="oc-28d">
         <name>.common:Lcd_ScreenHeigth</name>
         <uninitialized>true</uninitialized>
         <run_address>0x20008860</run_address>
         <size>0x2</size>
      </object_component>
      <object_component id="oc-28f">
         <name>.common:Lcd_PenSolid</name>
         <uninitialized>true</uninitialized>
         <run_address>0x20008869</run_address>
         <size>0x1</size>
      </object_component>
      <object_component id="oc-290">
         <name>.common:Lcd_FontSolid</name>
         <uninitialized>true</uninitialized>
         <run_address>0x20008867</run_address>
         <size>0x1</size>
      </object_component>
      <object_component id="oc-291">
         <name>.common:Lcd_FlagRead</name>
         <uninitialized>true</uninitialized>
         <run_address>0x20008866</run_address>
         <size>0x1</size>
      </object_component>
      <object_component id="oc-292">
         <name>.common:Lcd_TouchTrim</name>
         <uninitialized>true</uninitialized>
         <run_address>0x20008864</run_address>
         <size>0x2</size>
      </object_component>
      <object_component id="oc-e0">
         <name>.common:gADCSamplingRate</name>
         <uninitialized>true</uninitialized>
         <run_address>0x20008854</run_address>
         <size>0x4</size>
      </object_component>
      <object_component id="oc-a1">
         <name>.common:gSystemClock</name>
         <uninitialized>true</uninitialized>
         <run_address>0x20008858</run_address>
         <size>0x4</size>
      </object_component>
      <object_component id="oc-29f">
         <name>.common:g_psGrLibDefaults</name>
         <uninitialized>true</uninitialized>
         <run_address>0x2000885c</run_address>
         <size>0x4</size>
      </object_component>
      <object_component id="oc-21">
         <name>.stack</name>
         <uninitialized>true</uninitialized>
         <run_address>0x20008040</run_address>
         <size>0x4</size>
         <input_file_ref idref="fl-c9"/>
      </object_component>
      <object_component id="oc-51c">
         <name>.stack</name>
         <uninitialized>true</uninitialized>
         <run_address>0x20008040</run_address>
         <size>0x0</size>
      </object_component>
      <object_component id="oc-1ab">
         <name>.debug_info</name>
         <load_address>0x0</load_address>
         <run_address>0x0</run_address>
         <size>0x70b</size>
         <input_file_ref idref="fl-2"/>
      </object_component>
      <object_component id="oc-28a">
         <name>.debug_info</name>
         <load_address>0x70b</load_address>
         <run_address>0x70b</run_address>
         <size>0x111</size>
         <input_file_ref idref="fl-2"/>
      </object_component>
      <object_component id="oc-1dc">
         <name>.debug_info</name>
         <load_address>0x81c</load_address>
         <run_address>0x81c</run_address>
         <size>0x12a</size>
         <input_file_ref idref="fl-2"/>
      </object_component>
      <object_component id="oc-1d7">
         <name>.debug_info</name>
         <load_address>0x946</load_address>
         <run_address>0x946</run_address>
         <size>0x1106</size>
         <input_file_ref idref="fl-2"/>
      </object_component>
      <object_component id="oc-16d">
         <name>.debug_info</name>
         <load_address>0x1a4c</load_address>
         <run_address>0x1a4c</run_address>
         <size>0x6bd</size>
         <input_file_ref idref="fl-2"/>
      </object_component>
      <object_component id="oc-11f">
         <name>.debug_info</name>
         <load_address>0x2109</load_address>
         <run_address>0x2109</run_address>
         <size>0x26b</size>
         <input_file_ref idref="fl-2"/>
      </object_component>
      <object_component id="oc-118">
         <name>.debug_info</name>
         <load_address>0x2374</load_address>
         <run_address>0x2374</run_address>
         <size>0x8b</size>
         <input_file_ref idref="fl-2"/>
      </object_component>
      <object_component id="oc-1a6">
         <name>.debug_info</name>
         <load_address>0x23ff</load_address>
         <run_address>0x23ff</run_address>
         <size>0x297</size>
         <input_file_ref idref="fl-2"/>
      </object_component>
      <object_component id="oc-196">
         <name>.debug_info</name>
         <load_address>0x2696</load_address>
         <run_address>0x2696</run_address>
         <size>0xef</size>
         <input_file_ref idref="fl-2"/>
      </object_component>
      <object_component id="oc-113">
         <name>.debug_info</name>
         <load_address>0x2785</load_address>
         <run_address>0x2785</run_address>
         <size>0xbb</size>
         <input_file_ref idref="fl-2"/>
      </object_component>
      <object_component id="oc-348">
         <name>.debug_info</name>
         <load_address>0x2840</load_address>
         <run_address>0x2840</run_address>
         <size>0x6cb</size>
         <input_file_ref idref="fl-3"/>
      </object_component>
      <object_component id="oc-284">
         <name>.debug_info</name>
         <load_address>0x2f0b</load_address>
         <run_address>0x2f0b</run_address>
         <size>0x62b</size>
         <input_file_ref idref="fl-3"/>
      </object_component>
      <object_component id="oc-e1">
         <name>.debug_info</name>
         <load_address>0x3536</load_address>
         <run_address>0x3536</run_address>
         <size>0x874</size>
         <input_file_ref idref="fl-4"/>
      </object_component>
      <object_component id="oc-8d">
         <name>.debug_info</name>
         <load_address>0x3daa</load_address>
         <run_address>0x3daa</run_address>
         <size>0xfa</size>
         <input_file_ref idref="fl-4"/>
      </object_component>
      <object_component id="oc-7e">
         <name>.debug_info</name>
         <load_address>0x3ea4</load_address>
         <run_address>0x3ea4</run_address>
         <size>0xfc</size>
         <input_file_ref idref="fl-4"/>
      </object_component>
      <object_component id="oc-2b">
         <name>.debug_info</name>
         <load_address>0x3fa0</load_address>
         <run_address>0x3fa0</run_address>
         <size>0x888</size>
         <input_file_ref idref="fl-4"/>
      </object_component>
      <object_component id="oc-a2">
         <name>.debug_info</name>
         <load_address>0x4828</load_address>
         <run_address>0x4828</run_address>
         <size>0x83a</size>
         <input_file_ref idref="fl-5"/>
      </object_component>
      <object_component id="oc-110">
         <name>.debug_info</name>
         <load_address>0x5062</load_address>
         <run_address>0x5062</run_address>
         <size>0xf1</size>
         <input_file_ref idref="fl-5"/>
      </object_component>
      <object_component id="oc-148">
         <name>.debug_info</name>
         <load_address>0x5153</load_address>
         <run_address>0x5153</run_address>
         <size>0x320</size>
         <input_file_ref idref="fl-5"/>
      </object_component>
      <object_component id="oc-172">
         <name>.debug_info</name>
         <load_address>0x5473</load_address>
         <run_address>0x5473</run_address>
         <size>0xcc</size>
         <input_file_ref idref="fl-5"/>
      </object_component>
      <object_component id="oc-2de">
         <name>.debug_info</name>
         <load_address>0x553f</load_address>
         <run_address>0x553f</run_address>
         <size>0x2c</size>
         <input_file_ref idref="fl-5"/>
      </object_component>
      <object_component id="oc-db">
         <name>.debug_info</name>
         <load_address>0x556b</load_address>
         <run_address>0x556b</run_address>
         <size>0x1d5</size>
         <input_file_ref idref="fl-6"/>
      </object_component>
      <object_component id="oc-39">
         <name>.debug_info</name>
         <load_address>0x5740</load_address>
         <run_address>0x5740</run_address>
         <size>0x84</size>
         <input_file_ref idref="fl-6"/>
      </object_component>
      <object_component id="oc-32">
         <name>.debug_info</name>
         <load_address>0x57c4</load_address>
         <run_address>0x57c4</run_address>
         <size>0x2ef</size>
         <input_file_ref idref="fl-7"/>
      </object_component>
      <object_component id="oc-10">
         <name>.debug_info</name>
         <load_address>0x5ab3</load_address>
         <run_address>0x5ab3</run_address>
         <size>0x114</size>
         <input_file_ref idref="fl-7"/>
      </object_component>
      <object_component id="oc-25">
         <name>.debug_info</name>
         <load_address>0x5bc7</load_address>
         <run_address>0x5bc7</run_address>
         <size>0x293</size>
         <input_file_ref idref="fl-7"/>
      </object_component>
      <object_component id="oc-17e">
         <name>.debug_info</name>
         <load_address>0x5e5a</load_address>
         <run_address>0x5e5a</run_address>
         <size>0x2b2</size>
         <input_file_ref idref="fl-c3"/>
      </object_component>
      <object_component id="oc-a6">
         <name>.debug_info</name>
         <load_address>0x610c</load_address>
         <run_address>0x610c</run_address>
         <size>0x188</size>
         <input_file_ref idref="fl-c3"/>
      </object_component>
      <object_component id="oc-2d3">
         <name>.debug_info</name>
         <load_address>0x6294</load_address>
         <run_address>0x6294</run_address>
         <size>0x339</size>
         <input_file_ref idref="fl-c4"/>
      </object_component>
      <object_component id="oc-1fa">
         <name>.debug_info</name>
         <load_address>0x65cd</load_address>
         <run_address>0x65cd</run_address>
         <size>0x1ed</size>
         <input_file_ref idref="fl-c4"/>
      </object_component>
      <object_component id="oc-2c8">
         <name>.debug_info</name>
         <load_address>0x67ba</load_address>
         <run_address>0x67ba</run_address>
         <size>0x1c2</size>
         <input_file_ref idref="fl-c4"/>
      </object_component>
      <object_component id="oc-2cd">
         <name>.debug_info</name>
         <load_address>0x697c</load_address>
         <run_address>0x697c</run_address>
         <size>0x175</size>
         <input_file_ref idref="fl-c4"/>
      </object_component>
      <object_component id="oc-2d4">
         <name>.debug_info</name>
         <load_address>0x6af1</load_address>
         <run_address>0x6af1</run_address>
         <size>0x2c</size>
         <input_file_ref idref="fl-c4"/>
      </object_component>
      <object_component id="oc-2d9">
         <name>.debug_info</name>
         <load_address>0x6b1d</load_address>
         <run_address>0x6b1d</run_address>
         <size>0x69</size>
         <input_file_ref idref="fl-c4"/>
      </object_component>
      <object_component id="oc-3f">
         <name>.debug_info</name>
         <load_address>0x6b86</load_address>
         <run_address>0x6b86</run_address>
         <size>0x118</size>
         <input_file_ref idref="fl-c5"/>
      </object_component>
      <object_component id="oc-138">
         <name>.debug_info</name>
         <load_address>0x6c9e</load_address>
         <run_address>0x6c9e</run_address>
         <size>0x2d3</size>
         <input_file_ref idref="fl-c6"/>
      </object_component>
      <object_component id="oc-4d">
         <name>.debug_info</name>
         <load_address>0x6f71</load_address>
         <run_address>0x6f71</run_address>
         <size>0x1d1</size>
         <input_file_ref idref="fl-c6"/>
      </object_component>
      <object_component id="oc-133">
         <name>.debug_info</name>
         <load_address>0x7142</load_address>
         <run_address>0x7142</run_address>
         <size>0x46</size>
         <input_file_ref idref="fl-c6"/>
      </object_component>
      <object_component id="oc-1b4">
         <name>.debug_info</name>
         <load_address>0x7188</load_address>
         <run_address>0x7188</run_address>
         <size>0x2c</size>
         <input_file_ref idref="fl-c6"/>
      </object_component>
      <object_component id="oc-49">
         <name>.debug_info</name>
         <load_address>0x71b4</load_address>
         <run_address>0x71b4</run_address>
         <size>0x2a7</size>
         <input_file_ref idref="fl-c7"/>
      </object_component>
      <object_component id="oc-19">
         <name>.debug_info</name>
         <load_address>0x745b</load_address>
         <run_address>0x745b</run_address>
         <size>0x1e9</size>
         <input_file_ref idref="fl-c7"/>
      </object_component>
      <object_component id="oc-44">
         <name>.debug_info</name>
         <load_address>0x7644</load_address>
         <run_address>0x7644</run_address>
         <size>0x46</size>
         <input_file_ref idref="fl-c7"/>
      </object_component>
      <object_component id="oc-12b">
         <name>.debug_info</name>
         <load_address>0x768a</load_address>
         <run_address>0x768a</run_address>
         <size>0x2c</size>
         <input_file_ref idref="fl-c7"/>
      </object_component>
      <object_component id="oc-129">
         <name>.debug_info</name>
         <load_address>0x76b6</load_address>
         <run_address>0x76b6</run_address>
         <size>0x29d</size>
         <input_file_ref idref="fl-c8"/>
      </object_component>
      <object_component id="oc-13">
         <name>.debug_info</name>
         <load_address>0x7953</load_address>
         <run_address>0x7953</run_address>
         <size>0x24f</size>
         <input_file_ref idref="fl-c8"/>
      </object_component>
      <object_component id="oc-34">
         <name>.debug_info</name>
         <load_address>0x7ba2</load_address>
         <run_address>0x7ba2</run_address>
         <size>0x60</size>
         <input_file_ref idref="fl-c8"/>
      </object_component>
      <object_component id="oc-1ad">
         <name>.debug_info</name>
         <load_address>0x7c02</load_address>
         <run_address>0x7c02</run_address>
         <size>0x46</size>
         <input_file_ref idref="fl-c8"/>
      </object_component>
      <object_component id="oc-124">
         <name>.debug_info</name>
         <load_address>0x7c48</load_address>
         <run_address>0x7c48</run_address>
         <size>0x39</size>
         <input_file_ref idref="fl-c8"/>
      </object_component>
      <object_component id="oc-22">
         <name>.debug_info</name>
         <load_address>0x7c81</load_address>
         <run_address>0x7c81</run_address>
         <size>0x10a</size>
         <input_file_ref idref="fl-c9"/>
      </object_component>
      <object_component id="oc-60">
         <name>.debug_info</name>
         <load_address>0x7d8b</load_address>
         <run_address>0x7d8b</run_address>
         <size>0x1a8</size>
         <input_file_ref idref="fl-c9"/>
      </object_component>
      <object_component id="oc-250">
         <name>.debug_info</name>
         <load_address>0x7f33</load_address>
         <run_address>0x7f33</run_address>
         <size>0x28f</size>
         <input_file_ref idref="fl-ca"/>
      </object_component>
      <object_component id="oc-17b">
         <name>.debug_info</name>
         <load_address>0x81c2</load_address>
         <run_address>0x81c2</run_address>
         <size>0x181</size>
         <input_file_ref idref="fl-ca"/>
      </object_component>
      <object_component id="oc-306">
         <name>.debug_info</name>
         <load_address>0x8343</load_address>
         <run_address>0x8343</run_address>
         <size>0x46</size>
         <input_file_ref idref="fl-ca"/>
      </object_component>
      <object_component id="oc-251">
         <name>.debug_info</name>
         <load_address>0x8389</load_address>
         <run_address>0x8389</run_address>
         <size>0x39</size>
         <input_file_ref idref="fl-ca"/>
      </object_component>
      <object_component id="oc-3c0">
         <name>.debug_info</name>
         <load_address>0x83c2</load_address>
         <run_address>0x83c2</run_address>
         <size>0x57a</size>
         <input_file_ref idref="fl-cb"/>
      </object_component>
      <object_component id="oc-38d">
         <name>.debug_info</name>
         <load_address>0x893c</load_address>
         <run_address>0x893c</run_address>
         <size>0x21d</size>
         <input_file_ref idref="fl-cb"/>
      </object_component>
      <object_component id="oc-448">
         <name>.debug_info</name>
         <load_address>0x8b59</load_address>
         <run_address>0x8b59</run_address>
         <size>0x1b2</size>
         <input_file_ref idref="fl-cb"/>
      </object_component>
      <object_component id="oc-44e">
         <name>.debug_info</name>
         <load_address>0x8d0b</load_address>
         <run_address>0x8d0b</run_address>
         <size>0x21a</size>
         <input_file_ref idref="fl-cb"/>
      </object_component>
      <object_component id="oc-397">
         <name>.debug_info</name>
         <load_address>0x8f25</load_address>
         <run_address>0x8f25</run_address>
         <size>0x3ba</size>
         <input_file_ref idref="fl-cb"/>
      </object_component>
      <object_component id="oc-455">
         <name>.debug_info</name>
         <load_address>0x92df</load_address>
         <run_address>0x92df</run_address>
         <size>0x304</size>
         <input_file_ref idref="fl-cb"/>
      </object_component>
      <object_component id="oc-45a">
         <name>.debug_info</name>
         <load_address>0x95e3</load_address>
         <run_address>0x95e3</run_address>
         <size>0x214</size>
         <input_file_ref idref="fl-cb"/>
      </object_component>
      <object_component id="oc-39d">
         <name>.debug_info</name>
         <load_address>0x97f7</load_address>
         <run_address>0x97f7</run_address>
         <size>0x214</size>
         <input_file_ref idref="fl-cb"/>
      </object_component>
      <object_component id="oc-3a3">
         <name>.debug_info</name>
         <load_address>0x9a0b</load_address>
         <run_address>0x9a0b</run_address>
         <size>0x303</size>
         <input_file_ref idref="fl-cb"/>
      </object_component>
      <object_component id="oc-3aa">
         <name>.debug_info</name>
         <load_address>0x9d0e</load_address>
         <run_address>0x9d0e</run_address>
         <size>0x4af</size>
         <input_file_ref idref="fl-cb"/>
      </object_component>
      <object_component id="oc-2c2">
         <name>.debug_info</name>
         <load_address>0xa1bd</load_address>
         <run_address>0xa1bd</run_address>
         <size>0x5f3</size>
         <input_file_ref idref="fl-cb"/>
      </object_component>
      <object_component id="oc-3c1">
         <name>.debug_info</name>
         <load_address>0xa7b0</load_address>
         <run_address>0xa7b0</run_address>
         <size>0x86</size>
         <input_file_ref idref="fl-cb"/>
      </object_component>
      <object_component id="oc-483">
         <name>.debug_info</name>
         <load_address>0xa836</load_address>
         <run_address>0xa836</run_address>
         <size>0x39</size>
         <input_file_ref idref="fl-cb"/>
      </object_component>
      <object_component id="oc-4db">
         <name>.debug_info</name>
         <load_address>0xa86f</load_address>
         <run_address>0xa86f</run_address>
         <size>0xb6</size>
         <input_file_ref idref="fl-cb"/>
      </object_component>
      <object_component id="oc-488">
         <name>.debug_info</name>
         <load_address>0xa925</load_address>
         <run_address>0xa925</run_address>
         <size>0x46</size>
         <input_file_ref idref="fl-cb"/>
      </object_component>
      <object_component id="oc-3c6">
         <name>.debug_info</name>
         <load_address>0xa96b</load_address>
         <run_address>0xa96b</run_address>
         <size>0x46</size>
         <input_file_ref idref="fl-cb"/>
      </object_component>
      <object_component id="oc-442">
         <name>.debug_info</name>
         <load_address>0xa9b1</load_address>
         <run_address>0xa9b1</run_address>
         <size>0x14b</size>
         <input_file_ref idref="fl-cc"/>
      </object_component>
      <object_component id="oc-393">
         <name>.debug_info</name>
         <load_address>0xaafc</load_address>
         <run_address>0xaafc</run_address>
         <size>0x127</size>
         <input_file_ref idref="fl-cd"/>
      </object_component>
      <object_component id="oc-42e">
         <name>.debug_info</name>
         <load_address>0xac23</load_address>
         <run_address>0xac23</run_address>
         <size>0x129</size>
         <input_file_ref idref="fl-cd"/>
      </object_component>
      <object_component id="oc-427">
         <name>.debug_info</name>
         <load_address>0xad4c</load_address>
         <run_address>0xad4c</run_address>
         <size>0x139</size>
         <input_file_ref idref="fl-ce"/>
      </object_component>
      <object_component id="oc-423">
         <name>.debug_info</name>
         <load_address>0xae85</load_address>
         <run_address>0xae85</run_address>
         <size>0x139</size>
         <input_file_ref idref="fl-cf"/>
      </object_component>
      <object_component id="oc-431">
         <name>.debug_info</name>
         <load_address>0xafbe</load_address>
         <run_address>0xafbe</run_address>
         <size>0x12d</size>
         <input_file_ref idref="fl-d0"/>
      </object_component>
      <object_component id="oc-43d">
         <name>.debug_info</name>
         <load_address>0xb0eb</load_address>
         <run_address>0xb0eb</run_address>
         <size>0x12b</size>
         <input_file_ref idref="fl-d1"/>
      </object_component>
      <object_component id="oc-41d">
         <name>.debug_info</name>
         <load_address>0xb216</load_address>
         <run_address>0xb216</run_address>
         <size>0x133</size>
         <input_file_ref idref="fl-d2"/>
      </object_component>
      <object_component id="oc-13c">
         <name>.debug_info</name>
         <load_address>0xb349</load_address>
         <run_address>0xb349</run_address>
         <size>0x146</size>
         <input_file_ref idref="fl-d3"/>
      </object_component>
      <object_component id="oc-2ef">
         <name>.debug_info</name>
         <load_address>0xb48f</load_address>
         <run_address>0xb48f</run_address>
         <size>0x4b2</size>
         <input_file_ref idref="fl-d4"/>
      </object_component>
      <object_component id="oc-215">
         <name>.debug_info</name>
         <load_address>0xb941</load_address>
         <run_address>0xb941</run_address>
         <size>0x1a5</size>
         <input_file_ref idref="fl-d4"/>
      </object_component>
      <object_component id="oc-3df">
         <name>.debug_info</name>
         <load_address>0xbae6</load_address>
         <run_address>0xbae6</run_address>
         <size>0x39</size>
         <input_file_ref idref="fl-d4"/>
      </object_component>
      <object_component id="oc-490">
         <name>.debug_info</name>
         <load_address>0xbb1f</load_address>
         <run_address>0xbb1f</run_address>
         <size>0x39</size>
         <input_file_ref idref="fl-d4"/>
      </object_component>
      <object_component id="oc-3e4">
         <name>.debug_info</name>
         <load_address>0xbb58</load_address>
         <run_address>0xbb58</run_address>
         <size>0x39</size>
         <input_file_ref idref="fl-d4"/>
      </object_component>
      <object_component id="oc-3e9">
         <name>.debug_info</name>
         <load_address>0xbb91</load_address>
         <run_address>0xbb91</run_address>
         <size>0xcd</size>
         <input_file_ref idref="fl-d4"/>
      </object_component>
      <object_component id="oc-141">
         <name>.debug_info</name>
         <load_address>0xbc5e</load_address>
         <run_address>0xbc5e</run_address>
         <size>0x152</size>
         <input_file_ref idref="fl-d5"/>
      </object_component>
      <object_component id="oc-20a">
         <name>.debug_info</name>
         <load_address>0xbdb0</load_address>
         <run_address>0xbdb0</run_address>
         <size>0x121</size>
         <input_file_ref idref="fl-d7"/>
      </object_component>
      <object_component id="oc-419">
         <name>.debug_info</name>
         <load_address>0xbed1</load_address>
         <run_address>0xbed1</run_address>
         <size>0x2b8</size>
         <input_file_ref idref="fl-da"/>
      </object_component>
      <object_component id="oc-385">
         <name>.debug_info</name>
         <load_address>0xc189</load_address>
         <run_address>0xc189</run_address>
         <size>0x17b</size>
         <input_file_ref idref="fl-da"/>
      </object_component>
      <object_component id="oc-4a8">
         <name>.debug_info</name>
         <load_address>0xc304</load_address>
         <run_address>0xc304</run_address>
         <size>0xf8</size>
         <input_file_ref idref="fl-db"/>
      </object_component>
      <object_component id="oc-416">
         <name>.debug_info</name>
         <load_address>0xc3fc</load_address>
         <run_address>0xc3fc</run_address>
         <size>0x104</size>
         <input_file_ref idref="fl-db"/>
      </object_component>
      <object_component id="oc-4b6">
         <name>.debug_info</name>
         <load_address>0xc500</load_address>
         <run_address>0xc500</run_address>
         <size>0x29a</size>
         <input_file_ref idref="fl-dc"/>
      </object_component>
      <object_component id="oc-439">
         <name>.debug_info</name>
         <load_address>0xc79a</load_address>
         <run_address>0xc79a</run_address>
         <size>0x1cc</size>
         <input_file_ref idref="fl-dc"/>
      </object_component>
      <object_component id="oc-474">
         <name>.debug_info</name>
         <load_address>0xc966</load_address>
         <run_address>0xc966</run_address>
         <size>0x295</size>
         <input_file_ref idref="fl-dd"/>
      </object_component>
      <object_component id="oc-3af">
         <name>.debug_info</name>
         <load_address>0xcbfb</load_address>
         <run_address>0xcbfb</run_address>
         <size>0x1b5</size>
         <input_file_ref idref="fl-dd"/>
      </object_component>
      <object_component id="oc-4cd">
         <name>.debug_info</name>
         <load_address>0xcdb0</load_address>
         <run_address>0xcdb0</run_address>
         <size>0x299</size>
         <input_file_ref idref="fl-de"/>
      </object_component>
      <object_component id="oc-46d">
         <name>.debug_info</name>
         <load_address>0xd049</load_address>
         <run_address>0xd049</run_address>
         <size>0x25d</size>
         <input_file_ref idref="fl-de"/>
      </object_component>
      <object_component id="oc-414">
         <name>.debug_info</name>
         <load_address>0xd2a6</load_address>
         <run_address>0xd2a6</run_address>
         <size>0x28e</size>
         <input_file_ref idref="fl-df"/>
      </object_component>
      <object_component id="oc-380">
         <name>.debug_info</name>
         <load_address>0xd534</load_address>
         <run_address>0xd534</run_address>
         <size>0x240</size>
         <input_file_ref idref="fl-df"/>
      </object_component>
      <object_component id="oc-480">
         <name>.debug_info</name>
         <load_address>0xd774</load_address>
         <run_address>0xd774</run_address>
         <size>0x288</size>
         <input_file_ref idref="fl-e0"/>
      </object_component>
      <object_component id="oc-47d">
         <name>.debug_info</name>
         <load_address>0xd9fc</load_address>
         <run_address>0xd9fc</run_address>
         <size>0x10d</size>
         <input_file_ref idref="fl-e0"/>
      </object_component>
      <object_component id="oc-3bb">
         <name>.debug_info</name>
         <load_address>0xdb09</load_address>
         <run_address>0xdb09</run_address>
         <size>0x14d</size>
         <input_file_ref idref="fl-e0"/>
      </object_component>
      <object_component id="oc-47b">
         <name>.debug_info</name>
         <load_address>0xdc56</load_address>
         <run_address>0xdc56</run_address>
         <size>0x28e</size>
         <input_file_ref idref="fl-e1"/>
      </object_component>
      <object_component id="oc-3b4">
         <name>.debug_info</name>
         <load_address>0xdee4</load_address>
         <run_address>0xdee4</run_address>
         <size>0x159</size>
         <input_file_ref idref="fl-e1"/>
      </object_component>
      <object_component id="oc-4d0">
         <name>.debug_info</name>
         <load_address>0xe03d</load_address>
         <run_address>0xe03d</run_address>
         <size>0x46</size>
         <input_file_ref idref="fl-e1"/>
      </object_component>
      <object_component id="oc-476">
         <name>.debug_info</name>
         <load_address>0xe083</load_address>
         <run_address>0xe083</run_address>
         <size>0x39</size>
         <input_file_ref idref="fl-e1"/>
      </object_component>
      <object_component id="oc-4be">
         <name>.debug_info</name>
         <load_address>0xe0bc</load_address>
         <run_address>0xe0bc</run_address>
         <size>0x299</size>
         <input_file_ref idref="fl-e2"/>
      </object_component>
      <object_component id="oc-464">
         <name>.debug_info</name>
         <load_address>0xe355</load_address>
         <run_address>0xe355</run_address>
         <size>0x194</size>
         <input_file_ref idref="fl-e2"/>
      </object_component>
      <object_component id="oc-4e7">
         <name>.debug_info</name>
         <load_address>0xe4e9</load_address>
         <run_address>0xe4e9</run_address>
         <size>0x39</size>
         <input_file_ref idref="fl-e2"/>
      </object_component>
      <object_component id="oc-4bf">
         <name>.debug_info</name>
         <load_address>0xe522</load_address>
         <run_address>0xe522</run_address>
         <size>0x2c</size>
         <input_file_ref idref="fl-e2"/>
      </object_component>
      <object_component id="oc-4cb">
         <name>.debug_info</name>
         <load_address>0xe54e</load_address>
         <run_address>0xe54e</run_address>
         <size>0x2fc</size>
         <input_file_ref idref="fl-e3"/>
      </object_component>
      <object_component id="oc-467">
         <name>.debug_info</name>
         <load_address>0xe84a</load_address>
         <run_address>0xe84a</run_address>
         <size>0x224</size>
         <input_file_ref idref="fl-e3"/>
      </object_component>
      <object_component id="oc-4ae">
         <name>.debug_info</name>
         <load_address>0xea6e</load_address>
         <run_address>0xea6e</run_address>
         <size>0x114</size>
         <input_file_ref idref="fl-e4"/>
      </object_component>
      <object_component id="oc-4c5">
         <name>.debug_info</name>
         <load_address>0xeb82</load_address>
         <run_address>0xeb82</run_address>
         <size>0x160</size>
         <input_file_ref idref="fl-e5"/>
      </object_component>
      <object_component id="oc-2a0">
         <name>.debug_info</name>
         <load_address>0xece2</load_address>
         <run_address>0xece2</run_address>
         <size>0x464</size>
         <input_file_ref idref="fl-e6"/>
      </object_component>
      <object_component id="oc-29d">
         <name>.debug_info</name>
         <load_address>0xf146</load_address>
         <run_address>0xf146</run_address>
         <size>0x167</size>
         <input_file_ref idref="fl-e6"/>
      </object_component>
      <object_component id="oc-1e1">
         <name>.debug_info</name>
         <load_address>0xf2ad</load_address>
         <run_address>0xf2ad</run_address>
         <size>0x27d</size>
         <input_file_ref idref="fl-e6"/>
      </object_component>
      <object_component id="oc-2bb">
         <name>.debug_info</name>
         <load_address>0xf52a</load_address>
         <run_address>0xf52a</run_address>
         <size>0x6bd</size>
         <input_file_ref idref="fl-e6"/>
      </object_component>
      <object_component id="oc-158">
         <name>.debug_info</name>
[...]
         <value>0x1421</value>
         <object_component_ref idref="oc-1d5"/>
      </symbol>
      <symbol id="sm-ab">
         <name>HAL_LCD_writeData</name>
         <value>0x1f41</value>
         <object_component_ref idref="oc-283"/>
      </symbol>
      <symbol id="sm-ac">
         <name>HAL_LCD_SpiInit</name>
         <value>0x1fa1</value>
         <object_component_ref idref="oc-283"/>
      </symbol>
      <symbol id="sm-ad">
         <name>HAL_LCD_PortInit</name>
         <value>0x2031</value>
         <object_component_ref idref="oc-283"/>
      </symbol>
      <symbol id="sm-ae">
         <name>HAL_LCD_writeCommand</name>
         <value>0x1f51</value>
         <object_component_ref idref="oc-283"/>
      </symbol>
      <symbol id="sm-e8">
         <name>gADCSamplingRate</name>
         <value>0x20008854</value>
      </symbol>
      <symbol id="sm-e9">
         <name>ButtonDebounce</name>
         <value>0xf29</value>
         <object_component_ref idref="oc-2a"/>
      </symbol>
      <symbol id="sm-ea">
         <name>ButtonReadJoystick</name>
         <value>0xc81</value>
         <object_component_ref idref="oc-2a"/>
      </symbol>
      <symbol id="sm-eb">
         <name>ButtonAutoRepeat</name>
         <value>0xf99</value>
         <object_component_ref idref="oc-2a"/>
      </symbol>
      <symbol id="sm-ec">
         <name>decToBinary</name>
         <value>0xc59</value>
         <object_component_ref idref="oc-2a"/>
      </symbol>
      <symbol id="sm-ed">
         <name>gButtons</name>
         <value>0x2000802c</value>
         <object_component_ref idref="oc-8c"/>
      </symbol>
      <symbol id="sm-ee">
         <name>ButtonISR</name>
         <value>0x1019</value>
         <object_component_ref idref="oc-2a"/>
      </symbol>
      <symbol id="sm-ef">
         <name>ButtonInit</name>
         <value>0xd61</value>
         <object_component_ref idref="oc-2a"/>
      </symbol>
      <symbol id="sm-f0">
         <name>gJoystick</name>
         <value>0x20008024</value>
         <object_component_ref idref="oc-7d"/>
      </symbol>
      <symbol id="sm-112">
         <name>gSystemClock</name>
         <value>0x20008858</value>
      </symbol>
      <symbol id="sm-113">
         <name>gTime</name>
         <value>0x20008034</value>
         <object_component_ref idref="oc-10f"/>
      </symbol>
      <symbol id="sm-114">
         <name>main</name>
         <value>0x20c1</value>
         <object_component_ref idref="oc-145"/>
      </symbol>
      <symbol id="sm-123">
         <name>SysCtlFrequencyGet</name>
         <value>0x33c1</value>
         <object_component_ref idref="oc-da"/>
      </symbol>
      <symbol id="sm-13f">
         <name>ResetISR</name>
         <value>0x3889</value>
         <object_component_ref idref="oc-24"/>
      </symbol>
      <symbol id="sm-140">
         <name>g_pfnVectors</name>
         <value>0x0</value>
         <object_component_ref idref="oc-f"/>
      </symbol>
      <symbol id="sm-14f">
         <name>roundf</name>
         <value>0x2f17</value>
         <object_component_ref idref="oc-a4"/>
      </symbol>
      <symbol id="sm-17e">
         <name>snprintf</name>
         <value>0x3325</value>
         <object_component_ref idref="oc-1f9"/>
      </symbol>
      <symbol id="sm-199">
         <name>memcpy</name>
         <value>0x2a6f</value>
         <object_component_ref idref="oc-3e"/>
      </symbol>
      <symbol id="sm-19a">
         <name>__aeabi_memcpy</name>
         <value>0x2a6f</value>
         <object_component_ref idref="oc-3e"/>
      </symbol>
      <symbol id="sm-19b">
         <name>__aeabi_memcpy8</name>
         <value>0x2a6f</value>
         <object_component_ref idref="oc-3e"/>
      </symbol>
      <symbol id="sm-19c">
         <name>__aeabi_memcpy4</name>
         <value>0x2a6f</value>
         <object_component_ref idref="oc-3e"/>
      </symbol>
      <symbol id="sm-1b5">
         <name>__TI_zero_init_nomemset</name>
         <value>0x3831</value>
         <object_component_ref idref="oc-4a"/>
      </symbol>
      <symbol id="sm-1cc">
         <name>__TI_decompress_none</name>
         <value>0x3a1f</value>
         <object_component_ref idref="oc-18"/>
      </symbol>
      <symbol id="sm-1ef">
         <name>__TI_decompress_lzss</name>
         <value>0x3055</value>
         <object_component_ref idref="oc-12"/>
      </symbol>
      <symbol id="sm-202">
         <name>__stack</name>
         <value>0x20008040</value>
         <object_component_ref idref="oc-21"/>
      </symbol>
      <symbol id="sm-203">
         <name>_c_int00_noargs</name>
         <value>0x3651</value>
         <object_component_ref idref="oc-5c"/>
      </symbol>
      <symbol id="sm-225">
         <name>floorf</name>
         <value>0x2d35</value>
         <object_component_ref idref="oc-177"/>
      </symbol>
      <symbol id="sm-38a">
         <name>__TI_printfi</name>
         <value>0x209</value>
         <object_component_ref idref="oc-2c0"/>
      </symbol>
      <symbol id="sm-3a1">
         <name>__aeabi_dsub</name>
         <value>0x1d85</value>
         <object_component_ref idref="oc-440"/>
      </symbol>
      <symbol id="sm-3a2">
         <name>__aeabi_dadd</name>
         <value>0x1d8f</value>
         <object_component_ref idref="oc-440"/>
      </symbol>
      <symbol id="sm-3c4">
         <name>__aeabi_cdcmpeq</name>
         <value>0x2c27</value>
         <object_component_ref idref="oc-390"/>
      </symbol>
      <symbol id="sm-3c5">
         <name>__aeabi_cdcmple</name>
         <value>0x2c27</value>
         <object_component_ref idref="oc-390"/>
      </symbol>
      <symbol id="sm-3c6">
         <name>__aeabi_cdrcmple</name>
         <value>0x2cad</value>
         <object_component_ref idref="oc-42b"/>
      </symbol>
      <symbol id="sm-3da">
         <name>__aeabi_ddiv</name>
         <value>0x2361</value>
         <object_component_ref idref="oc-426"/>
      </symbol>
      <symbol id="sm-3e5">
         <name>__aeabi_dmul</name>
         <value>0x27fd</value>
         <object_component_ref idref="oc-421"/>
      </symbol>
      <symbol id="sm-3ef">
         <name>__aeabi_d2iz</name>
         <value>0x349d</value>
         <object_component_ref idref="oc-430"/>
      </symbol>
      <symbol id="sm-3f9">
         <name>__aeabi_i2d</name>
         <value>0x3711</value>
         <object_component_ref idref="oc-43b"/>
      </symbol>
      <symbol id="sm-406">
         <name>__aeabi_uldivmod</name>
         <value>0x2b0b</value>
         <object_component_ref idref="oc-41a"/>
      </symbol>
      <symbol id="sm-415">
         <name>__aeabi_memset</name>
         <value>0x2e31</value>
         <object_component_ref idref="oc-139"/>
      </symbol>
      <symbol id="sm-416">
         <name>memset</name>
         <value>0x2e37</value>
         <object_component_ref idref="oc-139"/>
      </symbol>
      <symbol id="sm-417">
         <name>__aeabi_memset8</name>
         <value>0x2e31</value>
         <object_component_ref idref="oc-139"/>
      </symbol>
      <symbol id="sm-418">
         <name>__aeabi_memset4</name>
         <value>0x2e31</value>
         <object_component_ref idref="oc-139"/>
      </symbol>
      <symbol id="sm-419">
         <name>__aeabi_memclr8</name>
         <value>0x2e2f</value>
         <object_component_ref idref="oc-139"/>
      </symbol>
      <symbol id="sm-41a">
         <name>__aeabi_memclr4</name>
         <value>0x2e2f</value>
         <object_component_ref idref="oc-139"/>
      </symbol>
      <symbol id="sm-41b">
         <name>__aeabi_memclr</name>
         <value>0x2e2f</value>
         <object_component_ref idref="oc-139"/>
      </symbol>
      <symbol id="sm-443">
         <name>__TI_auto_init_nobinit_nopinit</name>
         <value>0x34e5</value>
         <object_component_ref idref="oc-212"/>
      </symbol>
      <symbol id="sm-44d">
         <name>_system_pre_init</name>
         <value>0x3a89</value>
         <object_component_ref idref="oc-13f"/>
      </symbol>
      <symbol id="sm-459">
         <name>C$$EXIT</name>
         <value>0x3a8d</value>
         <object_component_ref idref="oc-206"/>
      </symbol>
      <symbol id="sm-45a">
         <name>abort</name>
         <value>0x3a8d</value>
         <object_component_ref idref="oc-206"/>
      </symbol>
      <symbol id="sm-472">
         <name>atoi</name>
         <value>0x32d9</value>
         <object_component_ref idref="oc-384"/>
      </symbol>
      <symbol id="sm-47d">
         <name>_ctypes_</name>
         <value>0x3ea8</value>
         <object_component_ref idref="oc-415"/>
      </symbol>
      <symbol id="sm-48c">
         <name>ltoa</name>
         <value>0x3231</value>
         <object_component_ref idref="oc-435"/>
      </symbol>
      <symbol id="sm-49c">
         <name>memccpy</name>
         <value>0x384d</value>
         <object_component_ref idref="oc-3ad"/>
      </symbol>
      <symbol id="sm-4ac">
         <name>strchr</name>
         <value>0x3919</value>
         <object_component_ref idref="oc-46c"/>
      </symbol>
      <symbol id="sm-4ba">
         <name>strlen</name>
         <value>0x3945</value>
         <object_component_ref idref="oc-37e"/>
      </symbol>
      <symbol id="sm-4d0">
         <name>__aeabi_errno_addr</name>
         <value>0x3a7d</value>
         <object_component_ref idref="oc-3b9"/>
      </symbol>
      <symbol id="sm-4d1">
         <name>errno</name>
         <value>0x20008038</value>
         <object_component_ref idref="oc-47c"/>
      </symbol>
      <symbol id="sm-4ea">
         <name>wcslen</name>
         <value>0x39a1</value>
         <object_component_ref idref="oc-3b3"/>
      </symbol>
      <symbol id="sm-50a">
         <name>frexpl</name>
         <value>0x30bd</value>
         <object_component_ref idref="oc-460"/>
      </symbol>
      <symbol id="sm-50b">
         <name>frexp</name>
         <value>0x30bd</value>
         <object_component_ref idref="oc-460"/>
      </symbol>
      <symbol id="sm-528">
         <name>scalbn</name>
         <value>0x26ed</value>
         <object_component_ref idref="oc-466"/>
      </symbol>
      <symbol id="sm-529">
         <name>scalbnl</name>
         <value>0x26ed</value>
         <object_component_ref idref="oc-466"/>
      </symbol>
      <symbol id="sm-52a">
         <name>ldexpl</name>
         <value>0x26ed</value>
         <object_component_ref idref="oc-466"/>
      </symbol>
      <symbol id="sm-52b">
         <name>ldexp</name>
         <value>0x26ed</value>
         <object_component_ref idref="oc-466"/>
      </symbol>
      <symbol id="sm-535">
         <name>__aeabi_idiv0</name>
         <value>0xc57</value>
         <object_component_ref idref="oc-4ab"/>
      </symbol>
      <symbol id="sm-536">
         <name>__aeabi_ldiv0</name>
         <value>0xc57</value>
         <object_component_ref idref="oc-4ab"/>
      </symbol>
      <symbol id="sm-540">
         <name>copysign</name>
         <value>0x3869</value>
         <object_component_ref idref="oc-4c4"/>
      </symbol>
      <symbol id="sm-541">
         <name>copysignl</name>
         <value>0x3869</value>
         <object_component_ref idref="oc-4c4"/>
      </symbol>
      <symbol id="sm-566">
         <name>GrContextInit</name>
         <value>0x2f85</value>
         <object_component_ref idref="oc-1de"/>
      </symbol>
      <symbol id="sm-567">
         <name>g_psDefaultCodePointMapTable</name>
         <value>0x42d4</value>
         <object_component_ref idref="oc-29c"/>
      </symbol>
      <symbol id="sm-575">
         <name>GrRectFill</name>
         <value>0x2ba1</value>
         <object_component_ref idref="oc-1f3"/>
      </symbol>
      <symbol id="sm-604">
         <name>GrFontInfoGet</name>
         <value>0x3769</value>
         <object_component_ref idref="oc-34b"/>
      </symbol>
      <symbol id="sm-605">
         <name>GrDefaultStringRenderer</name>
         <value>0x28f9</value>
         <object_component_ref idref="oc-296"/>
      </symbol>
      <symbol id="sm-606">
         <name>GrFontGlyphRender</name>
         <value>0x1759</value>
         <object_component_ref idref="oc-35d"/>
      </symbol>
      <symbol id="sm-607">
         <name>GrContextFontSet</name>
         <value>0x33bb</value>
         <object_component_ref idref="oc-1e7"/>
      </symbol>
      <symbol id="sm-608">
         <name>GrFontGlyphDataGet</name>
         <value>0x37b5</value>
         <object_component_ref idref="oc-357"/>
      </symbol>
      <symbol id="sm-609">
         <name>GrStringDraw</name>
         <value>0x3903</value>
         <object_component_ref idref="oc-1ff"/>
      </symbol>
      <symbol id="sm-60a">
         <name>GrFontCodepageGet</name>
         <value>0x37f5</value>
         <object_component_ref idref="oc-372"/>
      </symbol>
      <symbol id="sm-60b">
         <name>GrStringNextCharGet</name>
         <value>0x36e3</value>
         <object_component_ref idref="oc-351"/>
      </symbol>
      <symbol id="sm-61d">
         <name>g_sFontFixed6x8</name>
         <value>0x3fac</value>
         <object_component_ref idref="oc-1e4"/>
      </symbol>
      <symbol id="sm-62a">
         <name>GrMapISO8859_1_Unicode</name>
         <value>0x3a63</value>
         <object_component_ref idref="oc-364"/>
      </symbol>
      <symbol id="sm-680">
         <name>ADCProcessorTrigger</name>
         <value>0x38bb</value>
         <object_component_ref idref="oc-71"/>
      </symbol>
      <symbol id="sm-681">
         <name>ADCSequenceEnable</name>
         <value>0x3a03</value>
         <object_component_ref idref="oc-fb"/>
      </symbol>
      <symbol id="sm-682">
         <name>ADCSequenceConfigure</name>
         <value>0x3529</value>
         <object_component_ref idref="oc-ef"/>
      </symbol>
      <symbol id="sm-683">
         <name>ADCSequenceStepConfigure</name>
         <value>0x2db5</value>
         <object_component_ref idref="oc-f5"/>
      </symbol>
      <symbol id="sm-684">
         <name>ADCIntClear</name>
         <value>0x3a45</value>
         <object_component_ref idref="oc-86"/>
      </symbol>
      <symbol id="sm-685">
         <name>ADCIntStatus</name>
         <value>0x36b5</value>
         <object_component_ref idref="oc-77"/>
      </symbol>
      <symbol id="sm-686">
         <name>ADCSequenceDisable</name>
         <value>0x39f5</value>
         <object_component_ref idref="oc-e9"/>
      </symbol>
      <symbol id="sm-687">
         <name>ADCClockConfigSet</name>
         <value>0x38a3</value>
         <object_component_ref idref="oc-e3"/>
      </symbol>
      <symbol id="sm-688">
         <name>ADCSequenceDataGet</name>
         <value>0x37d7</value>
         <object_component_ref idref="oc-80"/>
      </symbol>
      <symbol id="sm-69e">
         <name>FPULazyStackingEnable</name>
         <value>0x39c5</value>
         <object_component_ref idref="oc-1c9"/>
      </symbol>
      <symbol id="sm-69f">
         <name>FPUEnable</name>
         <value>0x39b5</value>
         <object_component_ref idref="oc-1c3"/>
      </symbol>
      <symbol id="sm-6f9">
         <name>GPIOPinConfigure</name>
         <value>0x340d</value>
         <object_component_ref idref="oc-33b"/>
      </symbol>
      <symbol id="sm-6fa">
         <name>GPIOPinTypeADC</name>
         <value>0x3959</value>
         <object_component_ref idref="oc-d4"/>
      </symbol>
      <symbol id="sm-6fb">
         <name>GPIOPinTypeGPIOInput</name>
         <value>0x396b</value>
         <object_component_ref idref="oc-c8"/>
      </symbol>
      <symbol id="sm-6fc">
         <name>GPIOPinTypeGPIOOutput</name>
         <value>0x38d3</value>
         <object_component_ref idref="oc-341"/>
      </symbol>
      <symbol id="sm-6fd">
         <name>GPIOPinRead</name>
         <value>0x10f3</value>
         <object_component_ref idref="oc-109"/>
      </symbol>
      <symbol id="sm-6fe">
         <name>GPIODirModeSet</name>
         <value>0x373f</value>
         <object_component_ref idref="oc-18b"/>
      </symbol>
      <symbol id="sm-6ff">
         <name>GPIOPinWrite</name>
         <value>0x1f3b</value>
         <object_component_ref idref="oc-323"/>
      </symbol>
      <symbol id="sm-700">
         <name>GPIOPadConfigSet</name>
         <value>0x2497</value>
         <object_component_ref idref="oc-ce"/>
      </symbol>
      <symbol id="sm-701">
         <name>GPIOPinTypeSSI</name>
         <value>0x397d</value>
         <object_component_ref idref="oc-335"/>
      </symbol>
      <symbol id="sm-74b">
         <name>IntPrioritySet</name>
         <value>0x3791</value>
         <object_component_ref idref="oc-bc"/>
      </symbol>
      <symbol id="sm-74c">
         <name>IntEnable</name>
         <value>0x2fed</value>
         <object_component_ref idref="oc-c2"/>
      </symbol>
      <symbol id="sm-74d">
         <name>IntMasterDisable</name>
         <value>0x39d5</value>
         <object_component_ref idref="oc-1bd"/>
      </symbol>
      <symbol id="sm-74e">
         <name>IntMasterEnable</name>
         <value>0x39e5</value>
         <object_component_ref idref="oc-1ed"/>
      </symbol>
      <symbol id="sm-775">
         <name>SSIDataPut</name>
         <value>0x3a4f</value>
         <object_component_ref idref="oc-317"/>
      </symbol>
      <symbol id="sm-776">
         <name>SSIConfigSetExpClk</name>
         <value>0x35a5</value>
         <object_component_ref idref="oc-329"/>
      </symbol>
      <symbol id="sm-777">
         <name>SSIEnable</name>
         <value>0x3a59</value>
         <object_component_ref idref="oc-32f"/>
      </symbol>
      <symbol id="sm-778">
         <name>SSIBusy</name>
         <value>0x3a6b</value>
         <object_component_ref idref="oc-31d"/>
      </symbol>
      <symbol id="sm-7e8">
         <name>SysCtlDelay</name>
         <value>0x3883</value>
         <object_component_ref idref="oc-28c"/>
      </symbol>
      <symbol id="sm-7e9">
         <name>SysCtlPeripheralEnable</name>
         <value>0x361d</value>
         <object_component_ref idref="oc-8f"/>
      </symbol>
      <symbol id="sm-7ea">
         <name>SysCtlClockFreqSet</name>
         <value>0x19b1</value>
         <object_component_ref idref="oc-1cf"/>
      </symbol>
      <symbol id="sm-828">
         <name>TimerLoadSet</name>
         <value>0x398f</value>
         <object_component_ref idref="oc-aa"/>
      </symbol>
      <symbol id="sm-829">
         <name>TimerDisable</name>
         <value>0x3931</value>
         <object_component_ref idref="oc-95"/>
      </symbol>
      <symbol id="sm-82a">
         <name>TimerEnable</name>
         <value>0x3a11</value>
         <object_component_ref idref="oc-b6"/>
      </symbol>
      <symbol id="sm-82b">
         <name>TimerIntEnable</name>
         <value>0x3a73</value>
         <object_component_ref idref="oc-b0"/>
      </symbol>
      <symbol id="sm-82c">
         <name>TimerConfigure</name>
         <value>0x3121</value>
         <object_component_ref idref="oc-9b"/>
      </symbol>
      <symbol id="sm-82d">
         <name>TimerIntClear</name>
         <value>0x3a85</value>
         <object_component_ref idref="oc-103"/>
      </symbol>
      <symbol id="sm-83f">
         <name>CPUcpsie</name>
         <value>0x3a39</value>
         <object_component_ref idref="oc-2b2"/>
      </symbol>
      <symbol id="sm-840">
         <name>CPUcpsid</name>
         <value>0x3a2d</value>
         <object_component_ref idref="oc-263"/>
      </symbol>
      <symbol id="sm-841">
         <name>__TI_static_base__</name>
         <value>0x0</value>
      </symbol>
      <symbol id="sm-844">
         <name>__mpu_init</name>
         <value>0x0</value>
      </symbol>
      <symbol id="sm-845">
         <name>_system_post_cinit</name>
         <value>0x0</value>
      </symbol>
   </symbol_table>
   <title>Link successful</title>
</link_info>
